# Load newest DB dump:
$ mysql --local-infile -hlocalhost -ukassenadmin -p -e "source DB_Dump_2015_KW19.sql" kasse

# Add new columns `lieferant_kurzname` and `einheit`:
uriuri@dollie:~$ mysql-kasse-admin
mysql> SELECT * FROM lieferant;
ALTER TABLE lieferant ADD COLUMN lieferant_kurzname VARCHAR(10) DEFAULT NULL;
SELECT * FROM lieferant;
UPDATE lieferant SET lieferant_kurzname = "unbekannt" WHERE lieferant_id = 1;
UPDATE lieferant SET lieferant_kurzname = "FHZ" WHERE lieferant_id = 2;
UPDATE lieferant SET lieferant_kurzname = "GEPA" WHERE lieferant_id = 3;
UPDATE lieferant SET lieferant_kurzname = "GEPA" WHERE lieferant_id = 4;
UPDATE lieferant SET lieferant_kurzname = "EP" WHERE lieferant_id = 5;
UPDATE lieferant SET lieferant_kurzname = "dwp" WHERE lieferant_id = 6;
UPDATE lieferant SET lieferant_kurzname = "Eth" WHERE lieferant_id = 7;
UPDATE lieferant SET lieferant_kurzname = "CTM" WHERE lieferant_id = 8;
UPDATE lieferant SET lieferant_kurzname = "LT" WHERE lieferant_id = 9;
UPDATE lieferant SET lieferant_kurzname = "CL" WHERE lieferant_id = 10;
UPDATE lieferant SET lieferant_kurzname = "BM" WHERE lieferant_id = 11;
UPDATE lieferant SET lieferant_kurzname = "BM/dwp" WHERE lieferant_id = 12;
UPDATE lieferant SET lieferant_kurzname = "FK" WHERE lieferant_id = 13;
UPDATE lieferant SET lieferant_kurzname = "Sal" WHERE lieferant_id = 14;
UPDATE lieferant SET lieferant_kurzname = "OM" WHERE lieferant_id = 15;
UPDATE lieferant SET lieferant_kurzname = "Globo" WHERE lieferant_id = 16;
UPDATE lieferant SET lieferant_kurzname = "FTC" WHERE lieferant_id = 17;
UPDATE lieferant SET lieferant_kurzname = "BF" WHERE lieferant_id = 18;
UPDATE lieferant SET lieferant_kurzname = "Exil" WHERE lieferant_id = 19;
UPDATE lieferant SET lieferant_name = "Exil Music" WHERE lieferant_id = 19;
UPDATE lieferant SET lieferant_kurzname = "Memo" WHERE lieferant_id = 20;
UPDATE lieferant SET lieferant_kurzname = "Lamu" WHERE lieferant_id = 21;
UPDATE lieferant SET lieferant_kurzname = "FM" WHERE lieferant_id = 22;
UPDATE lieferant SET lieferant_kurzname = "BS" WHERE lieferant_id = 23;
INSERT INTO `lieferant` (`lieferant_id`, `lieferant_name`, `lieferant_kurzname`, `aktiv`) VALUES (24,'Postkarten Ackermann','Ack',1);
INSERT INTO `lieferant` (`lieferant_id`, `lieferant_name`, `lieferant_kurzname`, `aktiv`) VALUES (25,'Taguaprodukte Ecuador','Tagua',1);
SELECT * FROM lieferant;

SELECT menge, einheit FROM artikel LIMIT 100;
ALTER TABLE artikel ADD COLUMN einheit VARCHAR(10) DEFAULT "kg";
SELECT menge, einheit FROM artikel LIMIT 100;
SELECT artikel_name, menge, einheit FROM artikel WHERE produktgruppen_id = 36;
UPDATE artikel SET einheit = "St." WHERE produktgruppen_id = 36;
SELECT artikel_name, menge, einheit FROM artikel WHERE produktgruppen_id = 36;
SELECT artikel_name, menge, einheit FROM artikel WHERE produktgruppen_id = 56;
UPDATE artikel SET einheit = "l" WHERE produktgruppen_id = 56;
SELECT artikel_name, menge, einheit FROM artikel JOIN produktgruppe USING (produktgruppen_id) WHERE toplevel_id = 3;
UPDATE artikel JOIN produktgruppe USING (produktgruppen_id) SET einheit = "l" WHERE toplevel_id = 3;
SELECT artikel_name, menge, einheit FROM artikel JOIN produktgruppe USING (produktgruppen_id) WHERE toplevel_id = 3;
SELECT artikel_name, menge, einheit FROM artikel JOIN produktgruppe USING (produktgruppen_id) WHERE toplevel_id >= 4;
UPDATE artikel JOIN produktgruppe USING (produktgruppen_id) SET einheit = "St." WHERE toplevel_id >= 4;
SELECT artikel_name, menge, einheit FROM artikel JOIN produktgruppe USING (produktgruppen_id) WHERE toplevel_id >= 4;

# Check if nothing was missed:
# Should all have einheit = l
SELECT artikel_name, menge, einheit FROM artikel WHERE artikel_name LIKE "%|%ml%";
UPDATE artikel set einheit = "l" WHERE artikel_name LIKE "%|%ml%";
SELECT artikel_name, menge, einheit FROM artikel WHERE artikel_name LIKE "%|%ml%";
SELECT artikel_name, menge, einheit FROM artikel WHERE artikel_name LIKE "%|% l %";
SELECT artikel_name, menge, einheit FROM artikel WHERE artikel_name REGEXP "[0-9]l";
SELECT artikel_name, menge, einheit FROM artikel WHERE artikel_name REGEXP "[0-9] l";
# Look for wrong menge and einheit and correct errors:
SELECT artikel_name, menge, einheit FROM artikel JOIN produktgruppe USING (produktgruppen_id) WHERE produktgruppen_name = "Kosmetik";

# Make NULL articles NULL:
SELECT menge, einheit FROM artikel LIMIT 100;
UPDATE artikel SET einheit = NULL WHERE menge IS NULL;
SELECT menge, einheit FROM artikel LIMIT 100;

Vanilleschoten in St.
Cacao pur Afrika: 6 kg -> 0.25 kg
Bio Cocoba Instant: 6 kg -> 0.4 kg
Teebeutel: 5 kg -> 20 x 1.75 g
SELECT artikel_name, menge, einheit FROM artikel WHERE artikel_name LIKE "%teebeutel%" AND menge = 5;




# Reorder the produktgruppen:
SELECT produktgruppen_name, produktgruppen_id, toplevel_id, sub_id, subsub_id FROM produktgruppe WHERE produktgruppen_id = 92;
UPDATE produktgruppe SET toplevel_id = 4, sub_id = 17 WHERE produktgruppen_id = 92;
SELECT produktgruppen_name, produktgruppen_id, toplevel_id, sub_id, subsub_id FROM produktgruppe WHERE produktgruppen_id = 92;




# Add new columns `std_einheit` and `n_artikel`:
uriuri@dollie:~$ mysql-kasse-admin
mysql> SELECT * FROM produktgruppe;
ALTER TABLE produktgruppe ADD COLUMN std_einheit VARCHAR(10) DEFAULT NULL;
ALTER TABLE produktgruppe ADD COLUMN n_artikel INTEGER(10) UNSIGNED DEFAULT NULL;
SELECT * FROM produktgruppe;
UPDATE produktgruppe SET std_einheit = "kg" WHERE toplevel_id = 2;
UPDATE produktgruppe SET std_einheit = "l" WHERE produktgruppen_id = 56;
UPDATE produktgruppe SET std_einheit = "l" WHERE toplevel_id = 3;
UPDATE produktgruppe SET std_einheit = "St." WHERE toplevel_id = 4;
UPDATE produktgruppe SET std_einheit = "St." WHERE toplevel_id = 5;
SELECT * FROM produktgruppe;

# Add new column `kunde_gibt`:
mysql> DESCRIBE verkauf;
ALTER TABLE verkauf ADD COLUMN kunde_gibt DECIMAL(13,2) DEFAULT NULL;
DESCRIBE verkauf;





# Add new column `n_artikel` in lieferant:
uriuri@dollie:~$ mysql-kasse-admin
mysql> SELECT * FROM lieferant;
ALTER TABLE lieferant ADD COLUMN n_artikel INTEGER(10) UNSIGNED DEFAULT NULL;
SELECT * FROM lieferant;

# Add new column `n_artikel_rekursiv` in produktgruppe:
uriuri@dollie:~$ mysql-kasse-admin
mysql> DESCRIBE produktgruppe;
ALTER TABLE produktgruppe ADD COLUMN n_artikel_rekursiv INTEGER(10) UNSIGNED DEFAULT NULL;
DESCRIBE produktgruppe;















------------------

2015-11-02: Fix the Pfandkiste problem:

MariaDB [kasse]> SET FOREIGN_KEY_CHECKS=0;
MariaDB [kasse]> UPDATE artikel SET produktgruppen_id = produktgruppen_id + 1 WHERE produktgruppen_id >= 8 AND produktgruppen_id <= 11;
MariaDB [kasse]> UPDATE produktgruppe SET produktgruppen_id = produktgruppen_id + 1 WHERE produktgruppen_id >= 8 AND produktgruppen_id <= 11 ORDER BY produktgruppen_id DESC;
MariaDB [kasse]> SELECT p.produktgruppen_id, a.produktgruppen_id, produktgruppen_name, artikel_name FROM produktgruppe AS p INNER JOIN artikel AS a USING (produktgruppen_id) WHERE p.produktgruppen_id >= 8 AND p.produktgruppen_id <= 12;
+-------------------+-------------------+---------------------+------------------------------------+
| produktgruppen_id | produktgruppen_id | produktgruppen_name | artikel_name                       |
+-------------------+-------------------+---------------------+------------------------------------+
|                11 |                11 | Sonstiges 7% MwSt   | Variabler Preis 7% MwSt, Sonstige  |
|                12 |                12 | Sonstiges 19% MwSt  | Variabler Preis 19% MwSt, Sonstige |
|                12 |                12 | Sonstiges 19% MwSt  | Bambusschale natur/rot, 21x25x12   |
|                12 |                12 | Sonstiges 19% MwSt  | Bambusschale natur/rot, 21x25x12   |
+-------------------+-------------------+---------------------+------------------------------------+
4 rows in set (0.00 sec)

MariaDB [kasse]> INSERT INTO `produktgruppe` (`produktgruppen_id`, `toplevel_id`, `sub_id`, `subsub_id`, `produktgruppen_name`, `mwst_id`, `pfand_id`, `std_einheit`, `n_artikel`, `n_artikel_rekursiv`, `aktiv`) VALUES (8,NULL,4,NULL,'Pfand optional',3,NULL,NULL,NULL,NULL,1);
MariaDB [kasse]> SELECT * FROM produktgruppe;
+-------------------+-------------+--------+-----------+--------------------------------------+---------+----------+-------+-------------+-----------+--------------------+
| produktgruppen_id | toplevel_id | sub_id | subsub_id | produktgruppen_name                  | mwst_id | pfand_id | aktiv | std_einheit | n_artikel | n_artikel_rekursiv |
+-------------------+-------------+--------+-----------+--------------------------------------+---------+----------+-------+-------------+-----------+--------------------+
|                 1 |        NULL |   NULL |      NULL | Intern                               |    NULL |     NULL |     1 | NULL        |         0 |              20926 |
|                 2 |        NULL |      1 |      NULL | Rabatt                               |    NULL |     NULL |     1 | NULL        |         2 |               1067 |
|                 3 |        NULL |      1 |         1 | Rabatt 0% MwSt                       |       1 |     NULL |     1 | NULL        |         0 |                  0 |
|                 4 |        NULL |      1 |         2 | Rabatt 7% MwSt                       |       2 |     NULL |     1 | NULL        |         0 |                  0 |
|                 5 |        NULL |      1 |         3 | Rabatt 19% MwSt                      |       3 |     NULL |     1 | NULL        |         0 |                  0 |
|                 6 |        NULL |      2 |      NULL | Gutschein                            |       3 |     NULL |     1 | NULL        |         1 |               3429 |
|                 7 |        NULL |      3 |      NULL | Pfand                                |    NULL |     NULL |     1 | NULL        |         6 |                976 |
|                 8 |        NULL |      4 |      NULL | Pfand optional                       |    NULL |     NULL |     1 | NULL        |      NULL |               NULL |
|                 9 |           1 |   NULL |      NULL | Sonstiges                            |    NULL |     NULL |     1 | NULL        |         0 |                  3 |
|                10 |           1 |      1 |      NULL | Sonstiges 0% MwSt                    |       1 |     NULL |     1 | NULL        |         0 |                  0 |
|                11 |           1 |      2 |      NULL | Sonstiges 7% MwSt                    |       2 |     NULL |     1 | NULL        |         1 |                  1 |
|                12 |           1 |      3 |      NULL | Sonstiges 19% MwSt                   |       3 |     NULL |     1 | NULL        |         2 |                  2 |

MariaDB [kasse]> SELECT * FROM rabattaktion;
Empty set (0.26 sec)

MariaDB [kasse]> SELECT * FROM artikel WHERE artikel_id = 7;
MariaDB [kasse]> SELECT * FROM artikel WHERE artikel_id = 8;
MariaDB [kasse]> SELECT * FROM artikel WHERE artikel_id = 9;
MariaDB [kasse]> UPDATE artikel SET produktgruppen_id = 8 WHERE artikel_id = 7;
MariaDB [kasse]> UPDATE artikel SET produktgruppen_id = 8 WHERE artikel_id = 8;
MariaDB [kasse]> UPDATE artikel SET produktgruppen_id = 8 WHERE artikel_id = 9;
MariaDB [kasse]> UPDATE artikel SET artikel_nr = 'PFANDKISTE' WHERE artikel_id = 7;
MariaDB [kasse]> UPDATE artikel SET artikel_name = 'Pfand Kiste, Pfandkiste' WHERE artikel_id = 7;
MariaDB [kasse]> UPDATE artikel SET artikel_nr = 'COLAKISTE' WHERE artikel_id = 8;
MariaDB [kasse]> UPDATE artikel SET artikel_name = 'Pfand Cola-Kiste, Colakiste' WHERE artikel_id = 8;
MariaDB [kasse]> SET FOREIGN_KEY_CHECKS=1;
















-----------------------------

2016-02-10: Change beliebtheit field to SIGNED TINYINT

ALTER TABLE artikel MODIFY beliebtheit TINYINT(1) NOT NULL DEFAULT 0;





------------------------------

2016-11-XX


Befehle für GdPDU-Umstellung: (als kassenadmin)
$ mysql -u kassenadmin -p kasse
> ALTER TABLE abrechnung_tag MODIFY id INTEGER(10) UNSIGNED NOT NULL;
> ALTER TABLE abrechnung_monat MODIFY id INTEGER(10) UNSIGNED NOT NULL;
> ALTER TABLE abrechnung_jahr MODIFY id INTEGER(10) UNSIGNED NOT NULL;
> CREATE TABLE zaehlprotokoll (
    id INTEGER(10) UNSIGNED NOT NULL AUTO_INCREMENT,
    abrechnung_tag_id INTEGER(10) UNSIGNED NOT NULL,
    anzahl SMALLINT(5) UNSIGNED NOT NULL,
    einheit DECIMAL(13,2) NOT NULL,
    PRIMARY KEY (id),
    FOREIGN KEY (abrechnung_tag_id) REFERENCES abrechnung_tag(id)
) ENGINE=InnoDB DEFAULT CHARSET=utf8;
> ALTER TABLE abrechnung_tag ADD COLUMN kassenstand_id INTEGER(10) UNSIGNED;
> ALTER TABLE abrechnung_tag ADD CONSTRAINT abrechnung_tag_ibfk_1 FOREIGN KEY (kassenstand_id) REFERENCES kassenstand(kassenstand_id);





